# 凡人西游记 · 逐章优化日志

> 每轮优化完成后追加一条记录。下次继续前先读本文件，按已优化章节顺序向后推进，避免重复优化。

---

## 2026-08-21 · 第一轮

**范围**：简介 + 目录 + 第 1~3 章（初次优化，日志为空，从第 1 章起）

### 简介（`_index.md`）
- 核对简介设定与第 1~3 章剧情逐条一致（青玉瓶逆转枯荣、十四年胸口闷、布帛"乾坤崩于一旦/勿授非人"、斜月三星玉钮刻纹、凡人长生路），无冲突。
- 文气已达上乘（"他不信仙佛，只信手里的药篓、灶上的汤药""采药郎要活着，立着，回到青牛村"），未盲目改动以防倒退。

### 目录（书籍 `_index.md` + 卷一 `volume-01/_index.md`）
- 核对目录章节标题与已写 116 章文件名、权重一致；卷一内部"第一段~第六段"分段与书目保持一致。结构完整，未改动。

### 第一章《青牛村中采药郎》
- 修订：玉钮刻纹一处措辞冗余──"竟与娘故事里那座'斜月三星洞'的'斜月三星'四字暗暗相合"改为"竟与娘故事里那座斜月三星洞暗暗相合"（去重复词，此前章节亦以"斜月三星"呼应，语义不减）。
- 检查通过：无错字、病句；引号、破折号、省略号均为全角规范；剧情逻辑（年龄 14、爹丧三年、服煎药、借瓶须臾）自洽。

### 第二章《灵物初现祸暗生》
- 修订：一处理性错误——黄豆为灌木，不"抽蔓"，改为"抽芽、开花、结荚"。
- 其余检查通过：催熟逻辑（催得过急则谷粒空壳）、灵根探索（第七夜引气）、独眼刘诱敌一段因果（借清气引赤角蚰）均站得住。

### 第三章《灵台方寸外门徒》
- 检查通过：三千取三百（十分之一）与"挤掉两千七百花活人"数字一致；杂役籍/正徒籍设定与前后文吻合；独眼刘循清气尾随上山之因果合理；"斜月三星洞/石猴像"伏笔与此前玉钮刻纹呼应。未改。

---

## 2026-08-21 · 第二轮

**范围**：第四章（承接第一轮，第 1~3 章已完成）

### 第四章《杂役房中识真丹》
- 文气打磨：①一段挑水句子主语不明——"隔着一道照壁，常能听见那边传来吐纳诵诀之声"改为"陆尘挑着桶一级级走过那道照壁，正徒院吐纳诵诀之声清越如磬，他垂着眼，只当没听见"，理顺视点、收短冗句；②去一处动词重复——"小石头扒两口便搁了碗"改"吃两口便搁了碗"（前文已有"扒着粥/扒完"）。
- 检查通过：无错字、病句、标点硬伤；剧本逻辑自洽——劣丹掺假揭露仙门等级、瓶气逼浊提效、突破炼气一层之际察觉窗外腥气，与第三章结尾"那股腥气"及独眼刘探灵铜铃（借清气锁定薪火居）环环相扣；"正徒院吐纳之声 vs 杂役挑水"映照仙门分等；结尾梦里毛脸老猴回头，强化石猴/峰顶金光伏笔，为取经人线与大圣线埋线。

**待优化**：第五章起（chapter-05.md … ）。

---

## 2026-08-21 · 第三轮

**范围**：第 5~7 章（承接第二轮，第 1~4 章已完成；简介与目录第一轮已核对，本轮未改动）

### 第五章《炼气一层惊四座》
- 时间线修正：陆尘向苍崖子诉说道由时原文作"前夜月圆，忽觉丹田一松"。然本章前文已写明破境在"上月圆"（与第四章破境、本章月半独眼刘来袭相隔一月），亦与本轮第 88 行旁述一致，故改为"上月圆"，消除时间错位。
- 指称澄清：两处"野葛坡那一蚰咬中"改"野葛坡那赤角蚰咬中"（呼应第二章赤角蚰引敌设定，避免"那蚰"作量词生涩）。
- 检查通过：独眼刘伤腿（左小腿跛）、薪火居藤粉机关、瓶气续航斗法、护山阵只在核心、苍崖子窥探等因果链自洽；标点全角规范，无错字病句。

### 第六章《秘市淘宝遇故人》
- 人物自称校对：老孙头本是青牛村凡人（自道"咱们凡人"），原文两处误作"老道我"（与苗伯"老道我"撞车——苗伯乃伪灵根修不上去的老修士，其自称合理）。已将老孙头两处"老道我"改为"我"，一则符合其凡人身份，二则与苗伯作人物区分（故事craft 人物语言指纹）。
- 润色："吧嗒起旱烟"改"吧嗒着旱烟"（去生硬动词叠用）。
- 检查通过：残玉简所载"镇元大仙时空道则"与布帛"乾坤崩于一旦/勿授非人"、玉片图谱、《取经人》传闻与天庭增录凡籍敕令前后呼应；买卖以玉髓草易玉简、盲妪以嗅代视等细节自洽。

### 第七章《妖风再起青牛村》
- 收气成本逻辑理顺：原文"方才渡出的清气收回来，反倒叫他灵力虚了一虚"读之因果不明。改为"引动瓶中本源收满村的散气，看似进账，耗的却是自家灵力，两腿一阵发软"——把收气的代价落到自家灵力上，既合常理又成"代价累积"（storycraft 内耗钩），并以"两腿发软"作具体生理锚点。
- 结尾重写（去模板化 + 修时间矛盾）：原结尾与第四章近乎逐句雷同（"薪火居里陆尘翻身 + 毛脸雷公嘴老猴回头"，用户曾明确这类模板结尾为病），且"你总得回山，老子在半道候你"与"薪火居里已安然入睡"在时间上自相矛盾。改为：独眼刘循收气清香起身，因青天白日、护山弟子巡逻而按兵不动，望定青牛村方向记死来日再候——既消自相矛盾，又不再与第四章同模板，末尾落点在他"最不缺时辰"的冷冽耐心上，张力更足。
- 检查通过：黄皮子精三层对一层凭机关智取、藤粉手段与第五章一脉相承、精怪循清气得祸根亦由收气而解，逻辑完整。

**待优化**：第八章起（chapter-08.md … ）。